\BOOKMARK [1][-]{section.1}{\376\377\000S\000c\000o\000p\000e\000\040\000a\000n\000d\000\040\000M\000e\000t\000h\000o\000d\000o\000l\000o\000g\000y}{}% 1
\BOOKMARK [2][-]{subsection.1.1}{\376\377\000S\000c\000o\000p\000e}{section.1}% 2
\BOOKMARK [2][-]{subsection.1.2}{\376\377\000I\000n\000d\000e\000p\000e\000n\000d\000e\000n\000c\000e}{section.1}% 3
\BOOKMARK [2][-]{subsection.1.3}{\376\377\000M\000e\000t\000h\000o\000d}{section.1}% 4
\BOOKMARK [1][-]{section.2}{\376\377\000S\000y\000s\000t\000e\000m\000\040\000A\000r\000c\000h\000i\000t\000e\000c\000t\000u\000r\000e}{}% 5
\BOOKMARK [2][-]{subsection.2.1}{\376\377\000V\000a\000l\000u\000e\000\040\000t\000o\000p\000o\000l\000o\000g\000y}{section.2}% 6
\BOOKMARK [2][-]{subsection.2.2}{\376\377\000I\000n\000t\000e\000r\000a\000c\000t\000i\000o\000n\000\040\000g\000r\000a\000p\000h}{section.2}% 7
\BOOKMARK [2][-]{subsection.2.3}{\376\377\000T\000h\000e\000\040\000l\000i\000f\000e\000c\000y\000c\000l\000e}{section.2}% 8
\BOOKMARK [2][-]{subsection.2.4}{\376\377\000T\000h\000e\000\040\000f\000a\000c\000e\000t\000\040\000s\000p\000l\000i\000t}{section.2}% 9
\BOOKMARK [1][-]{section.3}{\376\377\000T\000h\000r\000e\000a\000t\000\040\000M\000o\000d\000e\000l}{}% 10
\BOOKMARK [1][-]{section.4}{\376\377\000L\0002\000\040\000\050\000A\000r\000b\000i\000t\000r\000u\000m\000\040\000N\000i\000t\000r\000o\000\040\000/\000\040\000O\000r\000b\000i\000t\000\051\000\040\000D\000e\000p\000l\000o\000y\000m\000e\000n\000t\000\040\000C\000o\000n\000s\000i\000d\000e\000r\000a\000t\000i\000o\000n\000s}{}% 11
\BOOKMARK [2][-]{subsection.4.1}{\376\377\000T\000h\000e\000\040\000g\000o\000v\000e\000r\000n\000i\000n\000g\000\040\000f\000a\000c\000t\000:\000\040\000b\000l\000o\000c\000k\000.\000n\000u\000m\000b\000e\000r\000\040\000i\000s\000\040\000n\000o\000t\000\040\000a\000n\000\040\000L\0002\000\040\000b\000l\000o\000c\000k\000\040\000c\000o\000u\000n\000t\000e\000r}{section.4}% 12
\BOOKMARK [2][-]{subsection.4.2}{\376\377\000b\000l\000o\000c\000k\000.\000t\000i\000m\000e\000s\000t\000a\000m\000p}{section.4}% 13
\BOOKMARK [2][-]{subsection.4.3}{\376\377\000b\000l\000o\000c\000k\000.\000p\000r\000e\000v\000r\000a\000n\000d\000a\000o}{section.4}% 14
\BOOKMARK [2][-]{subsection.4.4}{\376\377\000b\000l\000o\000c\000k\000h\000a\000s\000h}{section.4}% 15
\BOOKMARK [2][-]{subsection.4.5}{\376\377\000g\000a\000s\000l\000e\000f\000t\000\050\000\051\000\040\000a\000n\000d\000\040\000t\000h\000e\000\040\0006\0003\000/\0006\0004\000\040\000r\000u\000l\000e}{section.4}% 16
\BOOKMARK [2][-]{subsection.4.6}{\376\377\000t\000x\000.\000o\000r\000i\000g\000i\000n}{section.4}% 17
\BOOKMARK [2][-]{subsection.4.7}{\376\377\000S\000e\000q\000u\000e\000n\000c\000e\000r\000,\000\040\000m\000e\000m\000p\000o\000o\000l\000\040\000a\000n\000d\000\040\000r\000e\000o\000r\000g\000s}{section.4}% 18
\BOOKMARK [1][-]{section.5}{\376\377\000F\000u\000n\000c\000t\000i\000o\000n\000\040\000I\000n\000v\000e\000n\000t\000o\000r\000y}{}% 19
\BOOKMARK [1][-]{section.6}{\376\377\000I\000n\000v\000a\000r\000i\000a\000n\000t\000\040\000R\000e\000g\000i\000s\000t\000e\000r}{}% 20
\BOOKMARK [1][-]{section.7}{\376\377\000F\000i\000n\000d\000i\000n\000g\000s\000\040\000R\000e\000g\000i\000s\000t\000e\000r}{}% 21
\BOOKMARK [2][-]{subsection.7.1}{\376\377\000Z\000-\0000\0001\000\040\040\024\000\040\000E\000x\000a\000c\000t\000-\000o\000u\000t\000p\000u\000t\000\040\000s\000e\000l\000l\000s\000\040\000p\000a\000y\000\040\000z\000e\000r\000o\000\040\000h\000o\000o\000k\000\040\000f\000e\000e\000\040\000a\000n\000d\000\040\000s\000t\000i\000l\000l\000\040\000m\000i\000n\000t\000\040\000c\000r\000y\000s\000t\000a\000l\000\040\000c\000r\000e\000d\000i\000t}{section.7}% 22
\BOOKMARK [2][-]{subsection.7.2}{\376\377\000Z\000-\0000\0002\000\040\040\024\000\040\000T\000h\000e\000\040\000l\000i\000q\000u\000i\000d\000a\000t\000i\000o\000n\000\040\000m\000a\000r\000k\000\040\000f\000r\000e\000e\000z\000e\000s\000\040\000w\000h\000e\000n\000e\000v\000e\000r\000\040\000t\000h\000e\000\040\000p\000e\000r\000p\000e\000t\000u\000a\000l\000s\000\040\000b\000o\000o\000k\000\040\000i\000s\000\040\000e\000m\000p\000t\000y}{section.7}% 23
\BOOKMARK [2][-]{subsection.7.3}{\376\377\000Z\000-\0000\0003\000\040\040\024\000\040\000U\000n\000b\000o\000u\000n\000d\000e\000d\000\040\000g\000o\000v\000e\000r\000n\000o\000r\000\040\000s\000c\000a\000n\000\040\000l\000e\000t\000s\000\040\000o\000n\000e\000\040\000N\000F\000T\000\040\000h\000o\000l\000d\000e\000r\000\040\000b\000r\000i\000c\000k\000\040\000t\000h\000e\000\040\000r\000e\000b\000i\000r\000t\000h}{section.7}% 24
\BOOKMARK [2][-]{subsection.7.4}{\376\377\000Z\000-\0000\0004\000\040\040\024\000\040\000r\000e\000s\000c\000u\000e\000S\000e\000e\000d\000e\000r\000\040\000p\000e\000r\000m\000a\000n\000e\000n\000t\000l\000y\000\040\000s\000t\000r\000a\000n\000d\000s\000\040\000t\000h\000e\000\040\000a\000c\000t\000i\000v\000e\000\040\000b\000o\000o\000k\000\040\000a\000n\000d\000\040\000b\000r\000i\000c\000k\000s\000\040\000r\000e\000b\000i\000r\000t\000h}{section.7}% 25
\BOOKMARK [2][-]{subsection.7.5}{\376\377\000Z\000-\0000\0005\000\040\040\024\000\040\000B\000l\000o\000c\000k\000-\000d\000e\000n\000o\000m\000i\000n\000a\000t\000e\000d\000\040\000d\000e\000a\000t\000h\000\040\000c\000l\000o\000c\000k\000\040\000d\000e\000s\000t\000r\000o\000y\000s\000\040\000l\000i\000v\000e\000\040\000t\000o\000k\000e\000n\000s\000\040\000o\000n\000\040\000t\000h\000e\000\040\000d\000e\000p\000l\000o\000y\000m\000e\000n\000t\000\040\000t\000a\000r\000g\000e\000t}{section.7}% 26
\BOOKMARK [2][-]{subsection.7.6}{\376\377\000Z\000-\0000\0006\000\040\040\024\000\040\000R\000e\000g\000i\000s\000t\000r\000y\000\040\000o\000w\000n\000e\000r\000s\000h\000i\000p\000\040\000i\000s\000\040\000b\000u\000r\000n\000e\000d\000\040\000i\000n\000t\000o\000\040\000t\000h\000e\000\040\000p\000r\000e\000s\000a\000l\000e\000\040\000c\000o\000n\000t\000r\000a\000c\000t\000\040\000a\000t\000\040\000i\000g\000n\000i\000t\000i\000o\000n}{section.7}% 27
\BOOKMARK [2][-]{subsection.7.7}{\376\377\000Z\000-\0000\0007\000\040\040\024\000\040\000r\000e\000l\000a\000u\000n\000c\000h\000\050\000\051\000\040\000g\000a\000s\000\040\000i\000s\000\040\000u\000n\000b\000o\000u\000n\000d\000e\000d\000\040\000i\000n\000\040\000p\000r\000a\000c\000t\000i\000c\000e}{section.7}% 28
\BOOKMARK [2][-]{subsection.7.8}{\376\377\000Z\000-\0000\0008\000\040\040\024\000\040\000s\000e\000t\000C\000l\000a\000i\000m\000G\000a\000t\000e\000\040\000f\000r\000o\000z\000e\000\040\000a\000l\000l\000\040\000m\000i\000g\000r\000a\000t\000i\000o\000n\000\040\000i\000n\000s\000t\000a\000n\000t\000l\000y\000,\000\040\000u\000n\000-\000a\000n\000n\000o\000u\000n\000c\000e\000d\000\040\000a\000n\000d\000\040\000u\000n\000-\000v\000e\000t\000o\000a\000b\000l\000e}{section.7}% 29
\BOOKMARK [2][-]{subsection.7.9}{\376\377\000Z\000-\0000\0009\000\040\040\024\000\040\000C\000r\000y\000s\000t\000a\000l\000\040\000c\000r\000e\000d\000i\000t\000\040\000a\000c\000c\000r\000u\000e\000d\000\040\000o\000n\000\040\000r\000e\000t\000i\000r\000e\000d\000\040\000g\000e\000n\000e\000r\000a\000t\000i\000o\000n\000s\000'\000\040\000p\000o\000o\000l\000s}{section.7}% 30
\BOOKMARK [2][-]{subsection.7.10}{\376\377\000Z\000-\0001\0000\000\040\040\024\000\040\000D\000e\000p\000t\000h\000-\000d\000e\000r\000i\000v\000e\000d\000\040\000r\000i\000s\000k\000\040\000c\000a\000p\000s\000\040\000a\000r\000e\000\040\000f\000l\000a\000s\000h\000-\000m\000a\000n\000i\000p\000u\000l\000a\000b\000l\000e}{section.7}% 31
\BOOKMARK [2][-]{subsection.7.11}{\376\377\000Z\000-\0001\0001\000\040\040\024\000\040\000Q\000u\000e\000u\000e\000d\000\040\000P\000L\000V\000\040\000e\000x\000i\000t\000s\000\040\000a\000r\000e\000\040\000s\000e\000n\000i\000o\000r\000\040\000t\000o\000\040\000l\000i\000v\000e\000\040\000s\000h\000a\000r\000e\000s}{section.7}% 32
\BOOKMARK [2][-]{subsection.7.12}{\376\377\000Z\000-\0001\0002\000\040\040\024\000\040\000R\000e\000s\000e\000r\000v\000e\000\040\000s\000o\000l\000v\000e\000n\000c\000y\000\040\000d\000e\000g\000r\000a\000d\000e\000s\000\040\000s\000i\000l\000e\000n\000t\000l\000y\000\040\000a\000t\000\040\000t\000h\000e\000\040\000l\000e\000g\000a\000c\000y\000\040\000c\000l\000a\000m\000p}{section.7}% 33
\BOOKMARK [2][-]{subsection.7.13}{\376\377\000Z\000-\0001\0003\000\040\040\024\000\040\000T\000h\000e\000\040\000a\000n\000t\000i\000-\000s\000n\000i\000p\000e\000\040\000w\000i\000n\000d\000o\000w\000\040\000r\000e\000m\000a\000i\000n\000s\000\040\000b\000l\000o\000c\000k\000-\000d\000e\000n\000o\000m\000i\000n\000a\000t\000e\000d}{section.7}% 34
\BOOKMARK [2][-]{subsection.7.14}{\376\377\000Z\000-\0001\0004\000\040\040\024\000\040\000b\000l\000o\000c\000k\000h\000a\000s\000h\000\040\000s\000e\000e\000d\000\040\000e\000x\000p\000i\000r\000y\000\040\000s\000t\000a\000l\000l\000s\000\040\000t\000h\000e\000\040\000g\000a\000c\000h\000a\000\040\000q\000u\000e\000u\000e\000\040\000o\000n\000\040\000a\000\040\000f\000a\000s\000t\000\040\000p\000a\000r\000e\000n\000t\000\040\000c\000h\000a\000i\000n}{section.7}% 35
\BOOKMARK [2][-]{subsection.7.15}{\376\377\000Z\000-\0001\0005\000\040\040\024\000\040\000M\000a\000g\000i\000c\000F\000r\000e\000n\000s\000P\000e\000g\000\040\000m\000i\000n\000t\000s\000\040\000f\000o\000r\000\040\000f\000r\000e\000e\000\040\000a\000n\000d\000\040\000i\000t\000s\000\040\000r\000a\000n\000d\000o\000m\000n\000e\000s\000s\000\040\000i\000s\000\040\000g\000r\000i\000n\000d\000a\000b\000l\000e}{section.7}% 36
\BOOKMARK [2][-]{subsection.7.16}{\376\377\000Z\000-\0001\0006\000\040\040\024\000\040\000P\000r\000e\000s\000a\000l\000e\000\040\000r\000e\000f\000u\000n\000d\000s\000\040\000p\000a\000y\000\040\000t\000h\000e\000\040\000o\000r\000i\000g\000i\000n\000a\000l\000\040\000p\000a\000y\000e\000r\000\040\000r\000e\000g\000a\000r\000d\000l\000e\000s\000s\000\040\000o\000f\000\040\000N\000F\000T\000\040\000o\000w\000n\000e\000r\000s\000h\000i\000p}{section.7}% 37
\BOOKMARK [2][-]{subsection.7.17}{\376\377\000Z\000-\0001\0007\000\040\040\024\000\040\000l\000e\000g\000a\000c\000y\000B\000u\000y\000S\000t\000e\000p\000\040\000s\000e\000t\000t\000l\000e\000s\000\040\000i\000t\000s\000\040\000i\000n\000t\000e\000n\000d\000e\000d\000\040\000a\000m\000o\000u\000n\000t\000,\000\040\000n\000o\000t\000\040\000t\000h\000e\000\040\000a\000c\000t\000u\000a\000l\000\040\000d\000e\000l\000t\000a}{section.7}% 38
\BOOKMARK [2][-]{subsection.7.18}{\376\377\000Z\000-\0001\0008\000\040\040\024\000\040\000U\000n\000-\000a\000d\000d\000e\000d\000\040\000r\000e\000m\000a\000i\000n\000d\000e\000r\000s\000\040\000s\000t\000r\000a\000n\000d\000\040\000i\000n\000\040\000t\000h\000e\000\040\000r\000e\000g\000i\000s\000t\000r\000y}{section.7}% 39
\BOOKMARK [2][-]{subsection.7.19}{\376\377\000Z\000-\0001\0009\000\040\040\024\000\040\000l\000i\000q\000u\000i\000d\000i\000t\000y\000F\000o\000r\000T\000o\000k\000e\000n\000O\000u\000t\000\040\000o\000v\000e\000r\000f\000l\000o\000w\000s\000\040\000o\000n\000\040\000a\000\040\000d\000e\000g\000e\000n\000e\000r\000a\000t\000e\000\040\000b\000a\000n\000d}{section.7}% 40
\BOOKMARK [2][-]{subsection.7.20}{\376\377\000Z\000-\0002\0000\000\040\040\024\000\040\000I\000n\000-\000s\000w\000a\000p\000\040\000g\000a\000s\000\040\000r\000e\000s\000e\000r\000v\000e\000s\000\040\000a\000r\000e\000\040\000u\000n\000a\000u\000d\000i\000t\000e\000d\000\040\000m\000a\000g\000i\000c\000\040\000n\000u\000m\000b\000e\000r\000s}{section.7}% 41
\BOOKMARK [2][-]{subsection.7.21}{\376\377\000Z\000-\0002\0001\000\040\040\024\000\040\000t\000x\000.\000o\000r\000i\000g\000i\000n\000\040\000a\000t\000t\000r\000i\000b\000u\000t\000i\000o\000n\000\040\000u\000n\000d\000e\000r\000\040\000L\0002\000\040\000a\000l\000i\000a\000s\000i\000n\000g}{section.7}% 42
\BOOKMARK [2][-]{subsection.7.22}{\376\377\000Z\000-\0002\0002\000\040\040\024\000\040\000R\000e\000s\000e\000r\000v\000e\000\040\000b\000a\000c\000k\000i\000n\000g\000\040\000d\000r\000i\000f\000t\000s\000\040\000a\000\040\000f\000e\000w\000\040\000t\000e\000n\000s\000\040\000o\000f\000\040\000w\000e\000i\000\040\000b\000e\000l\000o\000w\000\040\000i\000t\000s\000\040\000a\000c\000c\000o\000u\000n\000t\000i\000n\000g}{section.7}% 43
\BOOKMARK [1][-]{section.8}{\376\377\000F\000a\000i\000l\000e\000d\000\040\000A\000t\000t\000a\000c\000k\000s\000\040\000a\000n\000d\000\040\000S\000a\000f\000e\000t\000y\000\040\000A\000r\000g\000u\000m\000e\000n\000t\000s}{}% 44
\BOOKMARK [1][-]{section.9}{\376\377\000T\000h\000i\000r\000d\000\040\000P\000a\000s\000s\000\040\040\024\000\040\000F\000i\000n\000a\000l\000\040\000R\000e\000d\000-\000T\000e\000a\000m\000\040\000\050\000L\000e\000a\000d\000\040\000C\000l\000o\000s\000u\000r\000e\000\040\000+\000\040\000N\000e\000w\000\040\000V\000e\000c\000t\000o\000r\000\051}{}% 45
\BOOKMARK [2][-]{subsection.9.1}{\376\377\000L\000e\000a\000d\000\040\000l\000e\000d\000g\000e\000r}{section.9}% 46
\BOOKMARK [2][-]{subsection.9.2}{\376\377\000Y\000-\0000\0001\000\040\040\024\000\040\000R\000e\000s\000e\000r\000v\000e\000-\000c\000e\000i\000l\000i\000n\000g\000\040\000b\000r\000e\000a\000c\000h\000\040\000v\000o\000i\000d\000s\000\040\000t\000h\000e\000\040\000e\000x\000i\000t\000\040\000g\000u\000a\000r\000a\000n\000t\000e\000e\000\040\000a\000b\000o\000v\000e\000\040\0006\0009}{section.9}% 47
\BOOKMARK [2][-]{subsection.9.3}{\376\377\000Y\000-\0000\0002\000\040\040\024\000\040\000D\000e\000p\000t\000h\000-\000d\000e\000r\000i\000v\000e\000d\000\040\000r\000i\000s\000k\000\040\000c\000a\000p\000s\000\040\000a\000r\000e\000\040\000f\000l\000a\000s\000h\000-\000m\000a\000n\000i\000p\000u\000l\000a\000b\000l\000e\000\040\000\050\000r\000e\000s\000o\000l\000v\000e\000s\000\040\000Z\000-\0001\0000\000\051}{section.9}% 48
\BOOKMARK [2][-]{subsection.9.4}{\376\377\000F\000i\000x\000e\000s\000\040\000a\000p\000p\000l\000i\000e\000d\000\040\000i\000n\000\040\000t\000h\000i\000s\000\040\000p\000a\000s\000s}{section.9}% 49
\BOOKMARK [1][-]{section.10}{\376\377\000R\000e\000m\000e\000d\000i\000a\000t\000i\000o\000n\000\040\000S\000u\000m\000m\000a\000r\000y}{}% 50
\BOOKMARK [2][-]{subsection.10.1}{\376\377\000E\000I\000P\000-\0001\0007\0000\000\040\000i\000m\000p\000a\000c\000t}{section.10}% 51
\BOOKMARK [2][-]{subsection.10.2}{\376\377\000S\000t\000o\000r\000a\000g\000e\000-\000l\000a\000y\000o\000u\000t\000\040\000s\000a\000f\000e\000t\000y}{section.10}% 52
\BOOKMARK [1][-]{section.11}{\376\377\000R\000e\000c\000o\000m\000m\000e\000n\000d\000a\000t\000i\000o\000n\000s\000\040\000B\000e\000f\000o\000r\000e\000\040\000M\000a\000i\000n\000n\000e\000t}{}% 53
\BOOKMARK [1][-]{appendix.A}{\376\377\000T\000e\000s\000t\000\040\000S\000u\000i\000t\000e\000\040\000a\000n\000d\000\040\000R\000e\000s\000u\000l\000t\000s}{}% 54
\BOOKMARK [2][-]{subsection.A.1}{\376\377\000C\000o\000m\000m\000a\000n\000d\000s}{appendix.A}% 55
\BOOKMARK [2][-]{subsection.A.2}{\376\377\000R\000e\000s\000u\000l\000t}{appendix.A}% 56
\BOOKMARK [1][-]{appendix.B}{\376\377\000H\000a\000r\000n\000e\000s\000s\000\040\000D\000e\000f\000e\000c\000t\000s\000\040\000D\000i\000s\000c\000o\000v\000e\000r\000e\000d\000\040\000D\000u\000r\000i\000n\000g\000\040\000T\000h\000i\000s\000\040\000W\000o\000r\000k}{}% 57
